R0 max value is outside of the allowed memory range
DIAG1 reg=0 umin=0 umax=64 off=0 map=v32 use=12 use_loc=<stdin>:25:9
DIAG1E kind=origin_call insn=6 cnt=1 reg=r0 loc=<stdin>:19:21
DIAG1E kind=null_check insn=7 cnt=1 reg=r0 op=jeq val=0 loc=<stdin>:20:6
DIAG1E kind=origin_load insn=8 cnt=1 reg=r1 loc=<stdin>:22:17
DIAG1E kind=check insn=9 cnt=1 reg=r1 op=jgt val=16 loc=<stdin>:23:6